Archive member included to satisfy reference by file (symbol)

c:/st/stm32cubeide_1.12.0/stm32cubeide/plugins/com.st.stm32cube.ide.mcu.externaltools.gnu-tools-for-stm32.10.3-2021.10.win32_1.0.200.202301161003/tools/bin/../lib/gcc/arm-none-eabi/10.3.1/../../../../arm-none-eabi/lib/thumb/v7e-m+fp/hard\libc_nano.a(lib_a-exit.o)
                              c:/st/stm32cubeide_1.12.0/stm32cubeide/plugins/com.st.stm32cube.ide.mcu.externaltools.gnu-tools-for-stm32.10.3-2021.10.win32_1.0.200.202301161003/tools/bin/../lib/gcc/arm-none-eabi/10.3.1/../../../../arm-none-eabi/lib/thumb/v7e-m+fp/hard/crt0.o (exit)
c:/st/stm32cubeide_1.12.0/stm32cubeide/plugins/com.st.stm32cube.ide.mcu.externaltools.gnu-tools-for-stm32.10.3-2021.10.win32_1.0.200.202301161003/tools/bin/../lib/gcc/arm-none-eabi/10.3.1/../../../../arm-none-eabi/lib/thumb/v7e-m+fp/hard\libc_nano.a(lib_a-impure.o)
                              c:/st/stm32cubeide_1.12.0/stm32cubeide/plugins/com.st.stm32cube.ide.mcu.externaltools.gnu-tools-for-stm32.10.3-2021.10.win32_1.0.200.202301161003/tools/bin/../lib/gcc/arm-none-eabi/10.3.1/../../../../arm-none-eabi/lib/thumb/v7e-m+fp/hard\libc_nano.a(lib_a-exit.o) (_global_impure_ptr)
c:/st/stm32cubeide_1.12.0/stm32cubeide/plugins/com.st.stm32cube.ide.mcu.externaltools.gnu-tools-for-stm32.10.3-2021.10.win32_1.0.200.202301161003/tools/bin/../lib/gcc/arm-none-eabi/10.3.1/../../../../arm-none-eabi/lib/thumb/v7e-m+fp/hard\libc_nano.a(lib_a-init.o)
                              c:/st/stm32cubeide_1.12.0/stm32cubeide/plugins/com.st.stm32cube.ide.mcu.externaltools.gnu-tools-for-stm32.10.3-2021.10.win32_1.0.200.202301161003/tools/bin/../lib/gcc/arm-none-eabi/10.3.1/../../../../arm-none-eabi/lib/thumb/v7e-m+fp/hard/crt0.o (__libc_init_array)
c:/st/stm32cubeide_1.12.0/stm32cubeide/plugins/com.st.stm32cube.ide.mcu.externaltools.gnu-tools-for-stm32.10.3-2021.10.win32_1.0.200.202301161003/tools/bin/../lib/gcc/arm-none-eabi/10.3.1/../../../../arm-none-eabi/lib/thumb/v7e-m+fp/hard\libc_nano.a(lib_a-memset.o)
                              c:/st/stm32cubeide_1.12.0/stm32cubeide/plugins/com.st.stm32cube.ide.mcu.externaltools.gnu-tools-for-stm32.10.3-2021.10.win32_1.0.200.202301161003/tools/bin/../lib/gcc/arm-none-eabi/10.3.1/../../../../arm-none-eabi/lib/thumb/v7e-m+fp/hard/crt0.o (memset)
c:/st/stm32cubeide_1.12.0/stm32cubeide/plugins/com.st.stm32cube.ide.mcu.externaltools.gnu-tools-for-stm32.10.3-2021.10.win32_1.0.200.202301161003/tools/bin/../lib/gcc/arm-none-eabi/10.3.1/thumb/v7e-m+fp/hard\libgcc.a(_aeabi_uldivmod.o)
                              ./Drivers/STM32F4xx_HAL_Driver/Src/stm32f4xx_hal_rcc.o (__aeabi_uldivmod)
c:/st/stm32cubeide_1.12.0/stm32cubeide/plugins/com.st.stm32cube.ide.mcu.externaltools.gnu-tools-for-stm32.10.3-2021.10.win32_1.0.200.202301161003/tools/bin/../lib/gcc/arm-none-eabi/10.3.1/thumb/v7e-m+fp/hard\libgcc.a(_udivmoddi4.o)
                              c:/st/stm32cubeide_1.12.0/stm32cubeide/plugins/com.st.stm32cube.ide.mcu.externaltools.gnu-tools-for-stm32.10.3-2021.10.win32_1.0.200.202301161003/tools/bin/../lib/gcc/arm-none-eabi/10.3.1/thumb/v7e-m+fp/hard\libgcc.a(_aeabi_uldivmod.o) (__udivmoddi4)
c:/st/stm32cubeide_1.12.0/stm32cubeide/plugins/com.st.stm32cube.ide.mcu.externaltools.gnu-tools-for-stm32.10.3-2021.10.win32_1.0.200.202301161003/tools/bin/../lib/gcc/arm-none-eabi/10.3.1/thumb/v7e-m+fp/hard\libgcc.a(_dvmd_tls.o)
                              c:/st/stm32cubeide_1.12.0/stm32cubeide/plugins/com.st.stm32cube.ide.mcu.externaltools.gnu-tools-for-stm32.10.3-2021.10.win32_1.0.200.202301161003/tools/bin/../lib/gcc/arm-none-eabi/10.3.1/thumb/v7e-m+fp/hard\libgcc.a(_aeabi_uldivmod.o) (__aeabi_ldiv0)
c:/st/stm32cubeide_1.12.0/stm32cubeide/plugins/com.st.stm32cube.ide.mcu.externaltools.gnu-tools-for-stm32.10.3-2021.10.win32_1.0.200.202301161003/tools/bin/../lib/gcc/arm-none-eabi/10.3.1/../../../../arm-none-eabi/lib/thumb/v7e-m+fp/hard\libnosys.a(_exit.o)
                              c:/st/stm32cubeide_1.12.0/stm32cubeide/plugins/com.st.stm32cube.ide.mcu.externaltools.gnu-tools-for-stm32.10.3-2021.10.win32_1.0.200.202301161003/tools/bin/../lib/gcc/arm-none-eabi/10.3.1/../../../../arm-none-eabi/lib/thumb/v7e-m+fp/hard\libc_nano.a(lib_a-exit.o) (_exit)

Discarded input sections

 .text          0x0000000000000000        0x0 c:/st/stm32cubeide_1.12.0/stm32cubeide/plugins/com.st.stm32cube.ide.mcu.externaltools.gnu-tools-for-stm32.10.3-2021.10.win32_1.0.200.202301161003/tools/bin/../lib/gcc/arm-none-eabi/10.3.1/thumb/v7e-m+fp/hard/crti.o
 .data          0x0000000000000000        0x0 c:/st/stm32cubeide_1.12.0/stm32cubeide/plugins/com.st.stm32cube.ide.mcu.externaltools.gnu-tools-for-stm32.10.3-2021.10.win32_1.0.200.202301161003/tools/bin/../lib/gcc/arm-none-eabi/10.3.1/thumb/v7e-m+fp/hard/crti.o
[...]
Memory Configuration

Name             Origin             Length             Attributes
RAM              0x0000000020000000 0x0000000000020000 xrw
CCMRAM           0x0000000010000000 0x0000000000010000 rw
FLASH            0x0000000008000000 0x0000000000100000 xr
*default*        0x0000000000000000 0xffffffffffffffff

Linker script and memory map

LOAD c:/st/stm32cubeide_1.12.0/stm32cubeide/plugins/com.st.stm32cube.ide.mcu.externaltools.gnu-tools-for-stm32.10.3-2021.10.win32_1.0.200.202301161003/tools/bin/../lib/gcc/arm-none-eabi/10.3.1/thumb/v7e-m+fp/hard/crti.o
LOAD c:/st/stm32cubeide_1.12.0/stm32cubeide/plugins/com.st.stm32cube.ide.mcu.externaltools.gnu-tools-for-stm32.10.3-2021.10.win32_1.0.200.202301161003/tools/bin/../lib/gcc/arm-none-eabi/10.3.1/thumb/v7e-m+fp/hard/crtbegin.o
LOAD c:/st/stm32cubeide_1.12.0/stm32cubeide/plugins/com.st.stm32cube.ide.mcu.externaltools.gnu-tools-for-stm32.10.3-2021.10.win32_1.0.200.202301161003/tools/bin/../lib/gcc/arm-none-eabi/10.3.1/../../../../arm-none-eabi/lib/thumb/v7e-m+fp/hard/crt0.o
LOAD ./Core/Src/fonts.o
LOAD ./Core/Src/gpio.o
LOAD ./Core/Src/i2c.o
LOAD ./Core/Src/main.o
LOAD ./Core/Src/oled.o
LOAD ./Core/Src/stm32f4xx_hal_msp.o
LOAD ./Core/Src/stm32f4xx_it.o
LOAD ./Core/Src/system_stm32f4xx.o
LOAD ./Core/Src/usart.o
LOAD ./Drivers/STM32F4xx_HAL_Driver/Src/stm32f4xx_hal.o
LOAD ./Drivers/STM32F4xx_HAL_Driver/Src/stm32f4xx_hal_cortex.o
LOAD ./Drivers/STM32F4xx_HAL_Driver/Src/stm32f4xx_hal_dma.o
LOAD ./Drivers/STM32F4xx_HAL_Driver/Src/stm32f4xx_hal_dma_ex.o
LOAD ./Drivers/STM32F4xx_HAL_Driver/Src/stm32f4xx_hal_flash.o
LOAD ./Drivers/STM32F4xx_HAL_Driver/Src/stm32f4xx_hal_flash_ex.o
LOAD ./Drivers/STM32F4xx_HAL_Driver/Src/stm32f4xx_hal_flash_ramfunc.o
LOAD ./Drivers/STM32F4xx_HAL_Driver/Src/stm32f4xx_hal_gpio.o
LOAD ./Drivers/STM32F4xx_HAL_Driver/Src/stm32f4xx_hal_i2c.o
LOAD ./Drivers/STM32F4xx_HAL_Driver/Src/stm32f4xx_hal_i2c_ex.o
LOAD ./Drivers/STM32F4xx_HAL_Driver/Src/stm32f4xx_hal_pwr.o
LOAD ./Drivers/STM32F4xx_HAL_Driver/Src/stm32f4xx_hal_pwr_ex.o
LOAD ./Drivers/STM32F4xx_HAL_Driver/Src/stm32f4xx_hal_rcc.o
LOAD ./Drivers/STM32F4xx_HAL_Driver/Src/stm32f4xx_hal_rcc_ex.o
LOAD ./Drivers/STM32F4xx_HAL_Driver/Src/stm32f4xx_hal_tim.o
LOAD ./Drivers/STM32F4xx_HAL_Driver/Src/stm32f4xx_hal_tim_ex.o
LOAD ./Drivers/STM32F4xx_HAL_Driver/Src/stm32f4xx_hal_uart.o
LOAD ./startup/startup_stm32f407xx.o
START GROUP
LOAD c:/st/stm32cubeide_1.12.0/stm32cubeide/plugins/com.st.stm32cube.ide.mcu.externaltools.gnu-tools-for-stm32.10.3-2021.10.win32_1.0.200.202301161003/tools/bin/../lib/gcc/arm-none-eabi/10.3.1/../../../../arm-none-eabi/lib/thumb/v7e-m+fp/hard\libc_nano.a
LOAD c:/st/stm32cubeide_1.12.0/stm32cubeide/plugins/com.st.stm32cube.ide.mcu.externaltools.gnu-tools-for-stm32.10.3-2021.10.win32_1.0.200.202301161003/tools/bin/../lib/gcc/arm-none-eabi/10.3.1/../../../../arm-none-eabi/lib/thumb/v7e-m+fp/hard\libm.a
END GROUP
START GROUP
LOAD c:/st/stm32cubeide_1.12.0/stm32cubeide/plugins/com.st.stm32cube.ide.mcu.externaltools.gnu-tools-for-stm32.10.3-2021.10.win32_1.0.200.202301161003/tools/bin/../lib/gcc/arm-none-eabi/10.3.1/thumb/v7e-m+fp/hard\libgcc.a
LOAD c:/st/stm32cubeide_1.12.0/stm32cubeide/plugins/com.st.stm32cube.ide.mcu.externaltools.gnu-tools-for-stm32.10.3-2021.10.win32_1.0.200.202301161003/tools/bin/../lib/gcc/arm-none-eabi/10.3.1/../../../../arm-none-eabi/lib/thumb/v7e-m+fp/hard\libc_nano.a
END GROUP
START GROUP
LOAD c:/st/stm32cubeide_1.12.0/stm32cubeide/plugins/com.st.stm32cube.ide.mcu.externaltools.gnu-tools-for-stm32.10.3-2021.10.win32_1.0.200.202301161003/tools/bin/../lib/gcc/arm-none-eabi/10.3.1/thumb/v7e-m+fp/hard\libgcc.a
LOAD c:/st/stm32cubeide_1.12.0/stm32cubeide/plugins/com.st.stm32cube.ide.mcu.externaltools.gnu-tools-for-stm32.10.3-2021.10.win32_1.0.200.202301161003/tools/bin/../lib/gcc/arm-none-eabi/10.3.1/../../../../arm-none-eabi/lib/thumb/v7e-m+fp/hard\libc_nano.a
LOAD c:/st/stm32cubeide_1.12.0/stm32cubeide/plugins/com.st.stm32cube.ide.mcu.externaltools.gnu-tools-for-stm32.10.3-2021.10.win32_1.0.200.202301161003/tools/bin/../lib/gcc/arm-none-eabi/10.3.1/../../../../arm-none-eabi/lib/thumb/v7e-m+fp/hard\libnosys.a
END GROUP
START GROUP
LOAD c:/st/stm32cubeide_1.12.0/stm32cubeide/plugins/com.st.stm32cube.ide.mcu.externaltools.gnu-tools-for-stm32.10.3-2021.10.win32_1.0.200.202301161003/tools/bin/../lib/gcc/arm-none-eabi/10.3.1/thumb/v7e-m+fp/hard\libgcc.a
LOAD c:/st/stm32cubeide_1.12.0/stm32cubeide/plugins/com.st.stm32cube.ide.mcu.externaltools.gnu-tools-for-stm32.10.3-2021.10.win32_1.0.200.202301161003/tools/bin/../lib/gcc/arm-none-eabi/10.3.1/../../../../arm-none-eabi/lib/thumb/v7e-m+fp/hard\libc_nano.a
LOAD c:/st/stm32cubeide_1.12.0/stm32cubeide/plugins/com.st.stm32cube.ide.mcu.externaltools.gnu-tools-for-stm32.10.3-2021.10.win32_1.0.200.202301161003/tools/bin/../lib/gcc/arm-none-eabi/10.3.1/../../../../arm-none-eabi/lib/thumb/v7e-m+fp/hard\libnosys.a
END GROUP
LOAD c:/st/stm32cubeide_1.12.0/stm32cubeide/plugins/com.st.stm32cube.ide.mcu.externaltools.gnu-tools-for-stm32.10.3-2021.10.win32_1.0.200.202301161003/tools/bin/../lib/gcc/arm-none-eabi/10.3.1/thumb/v7e-m+fp/hard/crtend.o
LOAD c:/st/stm32cubeide_1.12.0/stm32cubeide/plugins/com.st.stm32cube.ide.mcu.externaltools.gnu-tools-for-stm32.10.3-2021.10.win32_1.0.200.202301161003/tools/bin/../lib/gcc/arm-none-eabi/10.3.1/thumb/v7e-m+fp/hard/crtn.o
                0x0000000020020000                _estack = 0x20020000
                0x0000000000000200                _Min_Heap_Size = 0x200
                0x0000000000000400                _Min_Stack_Size = 0x400

.isr_vector     0x0000000008000000      0x188
                0x0000000008000000                . = ALIGN (0x4)
 *(.isr_vector)
 .isr_vector    0x0000000008000000      0x188 ./startup/startup_stm32f407xx.o
                0x0000000008000000                g_pfnVectors
                0x0000000008000188                . = ALIGN (0x4)

.text           0x0000000008000188     0x1cd4
                0x0000000008000188                . = ALIGN (0x4)
 *(.text)
 .text          0x0000000008000188       0x40 c:/st/stm32cubeide_1.12.0/stm32cubeide/plugins/com.st.stm32cube.ide.mcu.externaltools.gnu-tools-for-stm32.10.3-2021.10.win32_1.0.200.202301161003/tools/bin/../lib/gcc/arm-none-eabi/10.3.1/thumb/v7e-m+fp/hard/crtbegin.o
 .text          0x00000000080001c8       0x30 c:/st/stm32cubeide_1.12.0/stm32cubeide/plugins/com.st.stm32cube.ide.mcu.externaltools.gnu-tools-for-stm32.10.3-2021.10.win32_1.0.200.202301161003/tools/bin/../lib/gcc/arm-none-eabi/10.3.1/thumb/v7e-m+fp/hard\libgcc.a(_aeabi_uldivmod.o)
                0x00000000080001c8                __aeabi_uldivmod
 .text          0x00000000080001f8      0x2d0 c:/st/stm32cubeide_1.12.0/stm32cubeide/plugins/com.st.stm32cube.ide.mcu.externaltools.gnu-tools-for-stm32.10.3-2021.10.win32_1.0.200.202301161003/tools/bin/../lib/gcc/arm-none-eabi/10.3.1/thumb/v7e-m+fp/hard\libgcc.a(_udivmoddi4.o)
                0x00000000080001f8                __udivmoddi4
 .text          0x00000000080004c8        0x4 c:/st/stm32cubeide_1.12.0/stm32cubeide/plugins/com.st.stm32cube.ide.mcu.externaltools.gnu-tools-for-stm32.10.3-2021.10.win32_1.0.200.202301161003/tools/bin/../lib/gcc/arm-none-eabi/10.3.1/thumb/v7e-m+fp/hard\libgcc.a(_dvmd_tls.o)
                0x00000000080004c8                __aeabi_idiv0
                0x00000000080004c8                __aeabi_ldiv0
 *(.text*)
 .text.MX_GPIO_Init
                0x00000000080004cc       0x70 ./Core/Src/gpio.o
                0x00000000080004cc                MX_GPIO_Init
 .text.MX_I2C1_Init
                0x000000000800053c       0x3c ./Core/Src/i2c.o
                0x000000000800053c                MX_I2C1_Init
 .text.HAL_I2C_MspInit
                0x0000000008000578       0x74 ./Core/Src/i2c.o
                0x0000000008000578                HAL_I2C_MspInit
 .text.SystemClock_Config
                0x00000000080005ec       0x9c ./Core/Src/main.o
                0x00000000080005ec                SystemClock_Config
 .text.main     0x0000000008000688       0x70 ./Core/Src/main.o
                0x0000000008000688                main
 .text.Error_Handler
                0x00000000080006f8        0x2 ./Core/Src/main.o
                0x00000000080006f8                Error_Handler
 *fill*         0x00000000080006fa        0x2 
 .text.oled_WriteCommand
                0x00000000080006fc       0x2c ./Core/Src/oled.o
 .text.oled_Fill
                0x0000000008000728       0x20 ./Core/Src/oled.o
                0x0000000008000728                oled_Fill
 .text.oled_UpdateScreen
                0x0000000008000748       0x50 ./Core/Src/oled.o
                0x0000000008000748                oled_UpdateScreen
 .text.oled_Init
                0x0000000008000798       0xd4 ./Core/Src/oled.o
                0x0000000008000798                oled_Init
 .text.oled_DrawPixel
                0x000000000800086c       0x54 ./Core/Src/oled.o
                0x000000000800086c                oled_DrawPixel
 .text.oled_WriteChar
                0x00000000080008c0       0xb4 ./Core/Src/oled.o
                0x00000000080008c0                oled_WriteChar
 .text.oled_WriteString
                0x0000000008000974       0x2e ./Core/Src/oled.o
                0x0000000008000974                oled_WriteString
 *fill*         0x00000000080009a2        0x2 
 .text.oled_SetCursor
                0x00000000080009a4       0x10 ./Core/Src/oled.o
                0x00000000080009a4                oled_SetCursor
 .text.HAL_MspInit
                0x00000000080009b4       0x38 ./Core/Src/stm32f4xx_hal_msp.o
                0x00000000080009b4                HAL_MspInit
 .text.NMI_Handler
                0x00000000080009ec        0x2 ./Core/Src/stm32f4xx_it.o
                0x00000000080009ec                NMI_Handler
 .text.HardFault_Handler
                0x00000000080009ee        0x2 ./Core/Src/stm32f4xx_it.o
                0x00000000080009ee                HardFault_Handler
 .text.MemManage_Handler
                0x00000000080009f0        0x2 ./Core/Src/stm32f4xx_it.o
                0x00000000080009f0                MemManage_Handler
 .text.BusFault_Handler
                0x00000000080009f2        0x2 ./Core/Src/stm32f4xx_it.o
                0x00000000080009f2                BusFault_Handler
 .text.UsageFault_Handler
                0x00000000080009f4        0x2 ./Core/Src/stm32f4xx_it.o
                0x00000000080009f4                UsageFault_Handler
 .text.SVC_Handler
                0x00000000080009f6        0x2 ./Core/Src/stm32f4xx_it.o
                0x00000000080009f6                SVC_Handler
 .text.DebugMon_Handler
                0x00000000080009f8        0x2 ./Core/Src/stm32f4xx_it.o
                0x00000000080009f8                DebugMon_Handler
 .text.PendSV_Handler
                0x00000000080009fa        0x2 ./Core/Src/stm32f4xx_it.o
                0x00000000080009fa                PendSV_Handler
 .text.SysTick_Handler
                0x00000000080009fc        0x8 ./Core/Src/stm32f4xx_it.o
                0x00000000080009fc                SysTick_Handler
 .text.SystemInit
                0x0000000008000a04       0x4c ./Core/Src/system_stm32f4xx.o
                0x0000000008000a04                SystemInit
 .text.MX_USART1_UART_Init
                0x0000000008000a50       0x34 ./Core/Src/usart.o
                0x0000000008000a50                MX_USART1_UART_Init
 .text.HAL_UART_MspInit
                0x0000000008000a84       0x78 ./Core/Src/usart.o
                0x0000000008000a84                HAL_UART_MspInit
 .text.HAL_InitTick
                0x0000000008000afc       0x48 ./Drivers/STM32F4xx_HAL_Driver/Src/stm32f4xx_hal.o
                0x0000000008000afc                HAL_InitTick
 .text.HAL_Init
                0x0000000008000b44       0x34 ./Drivers/STM32F4xx_HAL_Driver/Src/stm32f4xx_hal.o
                0x0000000008000b44                HAL_Init
 .text.HAL_IncTick
                0x0000000008000b78       0x18 ./Drivers/STM32F4xx_HAL_Driver/Src/stm32f4xx_hal.o
                0x0000000008000b78                HAL_IncTick
 .text.HAL_GetTick
                0x0000000008000b90        0xc ./Drivers/STM32F4xx_HAL_Driver/Src/stm32f4xx_hal.o
                0x0000000008000b90                HAL_GetTick
 .text.HAL_Delay
                0x0000000008000b9c       0x28 ./Drivers/STM32F4xx_HAL_Driver/Src/stm32f4xx_hal.o
                0x0000000008000b9c                HAL_Delay
 .text.HAL_NVIC_SetPriorityGrouping
                0x0000000008000bc4       0x24 ./Drivers/STM32F4xx_HAL_Driver/Src/stm32f4xx_hal_cortex.o
                0x0000000008000bc4                HAL_NVIC_SetPriorityGrouping
 .text.HAL_NVIC_SetPriority
                0x0000000008000be8       0x70 ./Drivers/STM32F4xx_HAL_Driver/Src/stm32f4xx_hal_cortex.o
                0x0000000008000be8                HAL_NVIC_SetPriority
 .text.HAL_SYSTICK_Config
                0x0000000008000c58       0x28 ./Drivers/STM32F4xx_HAL_Driver/Src/stm32f4xx_hal_cortex.o
                0x0000000008000c58                HAL_SYSTICK_Config
 .text.HAL_GPIO_Init
                0x0000000008000c80      0x1cc ./Drivers/STM32F4xx_HAL_Driver/Src/stm32f4xx_hal_gpio.o
                0x0000000008000c80                HAL_GPIO_Init
 .text.I2C_IsAcknowledgeFailed
                0x0000000008000e4c       0x2a ./Drivers/STM32F4xx_HAL_Driver/Src/stm32f4xx_hal_i2c.o
 .text.I2C_WaitOnFlagUntilTimeout
                0x0000000008000e76       0x74 ./Drivers/STM32F4xx_HAL_Driver/Src/stm32f4xx_hal_i2c.o
 .text.I2C_WaitOnMasterAddressFlagUntilTimeout
                0x0000000008000eea       0x96 ./Drivers/STM32F4xx_HAL_Driver/Src/stm32f4xx_hal_i2c.o
 .text.I2C_WaitOnTXEFlagUntilTimeout
                0x0000000008000f80       0x4e ./Drivers/STM32F4xx_HAL_Driver/Src/stm32f4xx_hal_i2c.o
 *fill*         0x0000000008000fce        0x2 
 .text.I2C_RequestMemoryWrite
                0x0000000008000fd0       0xd8 ./Drivers/STM32F4xx_HAL_Driver/Src/stm32f4xx_hal_i2c.o
 .text.I2C_WaitOnBTFFlagUntilTimeout
                0x00000000080010a8       0x4e ./Drivers/STM32F4xx_HAL_Driver/Src/stm32f4xx_hal_i2c.o
 *fill*         0x00000000080010f6        0x2 
 .text.HAL_I2C_Init
                0x00000000080010f8      0x11c ./Drivers/STM32F4xx_HAL_Driver/Src/stm32f4xx_hal_i2c.o
                0x00000000080010f8                HAL_I2C_Init
 .text.HAL_I2C_Mem_Write
                0x0000000008001214      0x17c ./Drivers/STM32F4xx_HAL_Driver/Src/stm32f4xx_hal_i2c.o
                0x0000000008001214                HAL_I2C_Mem_Write
 .text.HAL_RCC_OscConfig
                0x0000000008001390      0x398 ./Drivers/STM32F4xx_HAL_Driver/Src/stm32f4xx_hal_rcc.o
                0x0000000008001390                HAL_RCC_OscConfig
 .text.HAL_RCC_MCOConfig
                0x0000000008001728       0x9c ./Drivers/STM32F4xx_HAL_Driver/Src/stm32f4xx_hal_rcc.o
                0x0000000008001728                HAL_RCC_MCOConfig
 .text.HAL_RCC_GetSysClockFreq
                0x00000000080017c4       0xa4 ./Drivers/STM32F4xx_HAL_Driver/Src/stm32f4xx_hal_rcc.o
                0x00000000080017c4                HAL_RCC_GetSysClockFreq
 .text.HAL_RCC_ClockConfig
                0x0000000008001868      0x15c ./Drivers/STM32F4xx_HAL_Driver/Src/stm32f4xx_hal_rcc.o
                0x0000000008001868                HAL_RCC_ClockConfig
 .text.HAL_RCC_GetHCLKFreq
                0x00000000080019c4        0xc ./Drivers/STM32F4xx_HAL_Driver/Src/stm32f4xx_hal_rcc.o
                0x00000000080019c4                HAL_RCC_GetHCLKFreq
 .text.HAL_RCC_GetPCLK1Freq
                0x00000000080019d0       0x20 ./Drivers/STM32F4xx_HAL_Driver/Src/stm32f4xx_hal_rcc.o
                0x00000000080019d0                HAL_RCC_GetPCLK1Freq
 .text.HAL_RCC_GetPCLK2Freq
                0x00000000080019f0       0x20 ./Drivers/STM32F4xx_HAL_Driver/Src/stm32f4xx_hal_rcc.o
                0x00000000080019f0                HAL_RCC_GetPCLK2Freq
 .text.UART_SetConfig
                0x0000000008001a10      0x328 ./Drivers/STM32F4xx_HAL_Driver/Src/stm32f4xx_hal_uart.o
 .text.HAL_UART_Init
                0x0000000008001d38       0x5e ./Drivers/STM32F4xx_HAL_Driver/Src/stm32f4xx_hal_uart.o
                0x0000000008001d38                HAL_UART_Init
 *fill*         0x0000000008001d96        0x2 
 .text.Reset_Handler
                0x0000000008001d98       0x50 ./startup/startup_stm32f407xx.o
                0x0000000008001d98                Reset_Handler
 .text.Default_Handler
                0x0000000008001de8        0x2 ./startup/startup_stm32f407xx.o
                0x0000000008001de8                RTC_Alarm_IRQHandler
                0x0000000008001de8                HASH_RNG_IRQHandler
                0x0000000008001de8                EXTI2_IRQHandler
                0x0000000008001de8                TIM8_CC_IRQHandler
                0x0000000008001de8                TIM1_CC_IRQHandler
                0x0000000008001de8                DMA2_Stream5_IRQHandler
                0x0000000008001de8                DMA1_Stream5_IRQHandler
                0x0000000008001de8                PVD_IRQHandler
                0x0000000008001de8                SDIO_IRQHandler
                0x0000000008001de8                TAMP_STAMP_IRQHandler
                0x0000000008001de8                CAN2_RX1_IRQHandler
                0x0000000008001de8                EXTI3_IRQHandler
                0x0000000008001de8                TIM8_TRG_COM_TIM14_IRQHandler
                0x0000000008001de8                TIM1_UP_TIM10_IRQHandler
                0x0000000008001de8                TIM8_UP_TIM13_IRQHandler
                0x0000000008001de8                I2C3_ER_IRQHandler
                0x0000000008001de8                EXTI0_IRQHandler
                0x0000000008001de8                I2C2_EV_IRQHandler
                0x0000000008001de8                DMA1_Stream2_IRQHandler
                0x0000000008001de8                CAN1_RX0_IRQHandler
                0x0000000008001de8                FPU_IRQHandler
                0x0000000008001de8                OTG_HS_WKUP_IRQHandler
                0x0000000008001de8                CAN2_SCE_IRQHandler
                0x0000000008001de8                DMA2_Stream2_IRQHandler
                0x0000000008001de8                SPI1_IRQHandler
                0x0000000008001de8                TIM6_DAC_IRQHandler
                0x0000000008001de8                TIM1_BRK_TIM9_IRQHandler
                0x0000000008001de8                DCMI_IRQHandler
                0x0000000008001de8                CAN2_RX0_IRQHandler
                0x0000000008001de8                DMA2_Stream3_IRQHandler
                0x0000000008001de8                USART6_IRQHandler
                0x0000000008001de8                USART3_IRQHandler
                0x0000000008001de8                CAN1_RX1_IRQHandler
                0x0000000008001de8                UART5_IRQHandler
                0x0000000008001de8                DMA2_Stream0_IRQHandler
                0x0000000008001de8                TIM4_IRQHandler
                0x0000000008001de8                I2C1_EV_IRQHandler
                0x0000000008001de8                DMA1_Stream6_IRQHandler
                0x0000000008001de8                DMA1_Stream1_IRQHandler
                0x0000000008001de8                UART4_IRQHandler
                0x0000000008001de8                TIM3_IRQHandler
                0x0000000008001de8                RCC_IRQHandler
                0x0000000008001de8                TIM8_BRK_TIM12_IRQHandler
                0x0000000008001de8                Default_Handler
                0x0000000008001de8                EXTI15_10_IRQHandler
                0x0000000008001de8                ADC_IRQHandler
                0x0000000008001de8                DMA1_Stream7_IRQHandler
                0x0000000008001de8                TIM7_IRQHandler
                0x0000000008001de8                CAN2_TX_IRQHandler
                0x0000000008001de8                TIM5_IRQHandler
                0x0000000008001de8                DMA2_Stream7_IRQHandler
                0x0000000008001de8                I2C3_EV_IRQHandler
                0x0000000008001de8                EXTI9_5_IRQHandler
                0x0000000008001de8                RTC_WKUP_IRQHandler
                0x0000000008001de8                ETH_WKUP_IRQHandler
                0x0000000008001de8                SPI2_IRQHandler
                0x0000000008001de8                OTG_HS_EP1_IN_IRQHandler
                0x0000000008001de8                DMA1_Stream0_IRQHandler
                0x0000000008001de8                CAN1_TX_IRQHandler
                0x0000000008001de8                EXTI4_IRQHandler
                0x0000000008001de8                FSMC_IRQHandler
                0x0000000008001de8                ETH_IRQHandler
                0x0000000008001de8                OTG_HS_EP1_OUT_IRQHandler
                0x0000000008001de8                WWDG_IRQHandler
                0x0000000008001de8                TIM2_IRQHandler
                0x0000000008001de8                OTG_FS_WKUP_IRQHandler
                0x0000000008001de8                TIM1_TRG_COM_TIM11_IRQHandler
                0x0000000008001de8                OTG_HS_IRQHandler
                0x0000000008001de8                EXTI1_IRQHandler
                0x0000000008001de8                USART2_IRQHandler
                0x0000000008001de8                I2C2_ER_IRQHandler
                0x0000000008001de8                DMA2_Stream1_IRQHandler
                0x0000000008001de8                CAN1_SCE_IRQHandler
                0x0000000008001de8                FLASH_IRQHandler
                0x0000000008001de8                DMA2_Stream4_IRQHandler
                0x0000000008001de8                USART1_IRQHandler
                0x0000000008001de8                OTG_FS_IRQHandler
                0x0000000008001de8                SPI3_IRQHandler
                0x0000000008001de8                DMA1_Stream4_IRQHandler
                0x0000000008001de8                I2C1_ER_IRQHandler
                0x0000000008001de8                DMA2_Stream6_IRQHandler
                0x0000000008001de8                DMA1_Stream3_IRQHandler
 *fill*         0x0000000008001dea        0x2 
 .text.__libc_init_array
                0x0000000008001dec       0x48 c:/st/stm32cubeide_1.12.0/stm32cubeide/plugins/com.st.stm32cube.ide.mcu.externaltools.gnu-tools-for-stm32.10.3-2021.10.win32_1.0.200.202301161003/tools/bin/../lib/gcc/arm-none-eabi/10.3.1/../../../../arm-none-eabi/lib/thumb/v7e-m+fp/hard\libc_nano.a(lib_a-init.o)
                0x0000000008001dec                __libc_init_array
 .text.memset   0x0000000008001e34       0x10 c:/st/stm32cubeide_1.12.0/stm32cubeide/plugins/com.st.stm32cube.ide.mcu.externaltools.gnu-tools-for-stm32.10.3-2021.10.win32_1.0.200.202301161003/tools/bin/../lib/gcc/arm-none-eabi/10.3.1/../../../../arm-none-eabi/lib/thumb/v7e-m+fp/hard\libc_nano.a(lib_a-memset.o)
                0x0000000008001e34                memset
 *(.glue_7)
 .glue_7        0x0000000008001e44        0x0 linker stubs
 *(.glue_7t)
 .glue_7t       0x0000000008001e44        0x0 linker stubs
 *(.eh_frame)
 .eh_frame      0x0000000008001e44        0x0 c:/st/stm32cubeide_1.12.0/stm32cubeide/plugins/com.st.stm32cube.ide.mcu.externaltools.gnu-tools-for-stm32.10.3-2021.10.win32_1.0.200.202301161003/tools/bin/../lib/gcc/arm-none-eabi/10.3.1/thumb/v7e-m+fp/hard/crtbegin.o
 *(.init)
 .init          0x0000000008001e44        0x4 c:/st/stm32cubeide_1.12.0/stm32cubeide/plugins/com.st.stm32cube.ide.mcu.externaltools.gnu-tools-for-stm32.10.3-2021.10.win32_1.0.200.202301161003/tools/bin/../lib/gcc/arm-none-eabi/10.3.1/thumb/v7e-m+fp/hard/crti.o
                0x0000000008001e44                _init
 .init          0x0000000008001e48        0x8 c:/st/stm32cubeide_1.12.0/stm32cubeide/plugins/com.st.stm32cube.ide.mcu.externaltools.gnu-tools-for-stm32.10.3-2021.10.win32_1.0.200.202301161003/tools/bin/../lib/gcc/arm-none-eabi/10.3.1/thumb/v7e-m+fp/hard/crtn.o
 *(.fini)
 .fini          0x0000000008001e50        0x4 c:/st/stm32cubeide_1.12.0/stm32cubeide/plugins/com.st.stm32cube.ide.mcu.externaltools.gnu-tools-for-stm32.10.3-2021.10.win32_1.0.200.202301161003/tools/bin/../lib/gcc/arm-none-eabi/10.3.1/thumb/v7e-m+fp/hard/crti.o
                0x0000000008001e50                _fini
 .fini          0x0000000008001e54        0x8 c:/st/stm32cubeide_1.12.0/stm32cubeide/plugins/com.st.stm32cube.ide.mcu.externaltools.gnu-tools-for-stm32.10.3-2021.10.win32_1.0.200.202301161003/tools/bin/../lib/gcc/arm-none-eabi/10.3.1/thumb/v7e-m+fp/hard/crtn.o
                0x0000000008001e5c                . = ALIGN (0x4)
                0x0000000008001e5c                _etext = .

.vfp11_veneer   0x0000000008001e5c        0x0
 .vfp11_veneer  0x0000000008001e5c        0x0 linker stubs

.v4_bx          0x0000000008001e5c        0x0
 .v4_bx         0x0000000008001e5c        0x0 linker stubs

.iplt           0x0000000008001e5c        0x0
 .iplt          0x0000000008001e5c        0x0 c:/st/stm32cubeide_1.12.0/stm32cubeide/plugins/com.st.stm32cube.ide.mcu.externaltools.gnu-tools-for-stm32.10.3-2021.10.win32_1.0.200.202301161003/tools/bin/../lib/gcc/arm-none-eabi/10.3.1/thumb/v7e-m+fp/hard/crtbegin.o

.rodata         0x0000000008001e5c     0x2844
                0x0000000008001e5c                . = ALIGN (0x4)
 *(.rodata)
 .rodata        0x0000000008001e5c     0x2814 ./Core/Src/fonts.o
 .rodata        0x0000000008004670       0x18 ./Core/Src/system_stm32f4xx.o
                0x0000000008004670                AHBPrescTable
                0x0000000008004680                APBPrescTable
 *(.rodata*)
 .rodata.str1.4
                0x0000000008004688       0x15 ./Core/Src/main.o
                0x00000000080046a0                . = ALIGN (0x4)
 *fill*         0x000000000800469d        0x3 

.ARM.extab
 *(.ARM.extab* .gnu.linkonce.armextab.*)

.ARM            0x00000000080046a0        0x8
                0x00000000080046a0                __exidx_start = .
 *(.ARM.exidx*)
 .ARM.exidx     0x00000000080046a0        0x8 c:/st/stm32cubeide_1.12.0/stm32cubeide/plugins/com.st.stm32cube.ide.mcu.externaltools.gnu-tools-for-stm32.10.3-2021.10.win32_1.0.200.202301161003/tools/bin/../lib/gcc/arm-none-eabi/10.3.1/thumb/v7e-m+fp/hard\libgcc.a(_udivmoddi4.o)
                0x00000000080046a8                __exidx_end = .

.rel.dyn        0x00000000080046a8        0x0
 .rel.iplt      0x00000000080046a8        0x0 c:/st/stm32cubeide_1.12.0/stm32cubeide/plugins/com.st.stm32cube.ide.mcu.externaltools.gnu-tools-for-stm32.10.3-2021.10.win32_1.0.200.202301161003/tools/bin/../lib/gcc/arm-none-eabi/10.3.1/thumb/v7e-m+fp/hard/crtbegin.o

.preinit_array  0x00000000080046a8        0x0
                0x00000000080046a8                PROVIDE (__preinit_array_start = .)
 *(.preinit_array*)
                0x00000000080046a8                PROVIDE (__preinit_array_end = .)

.init_array     0x00000000080046a8        0x4
                0x00000000080046a8                PROVIDE (__init_array_start = .)
 *(SORT_BY_NAME(.init_array.*))
 *(.init_array*)
 .init_array    0x00000000080046a8        0x4 c:/st/stm32cubeide_1.12.0/stm32cubeide/plugins/com.st.stm32cube.ide.mcu.externaltools.gnu-tools-for-stm32.10.3-2021.10.win32_1.0.200.202301161003/tools/bin/../lib/gcc/arm-none-eabi/10.3.1/thumb/v7e-m+fp/hard/crtbegin.o
                0x00000000080046ac                PROVIDE (__init_array_end = .)

.fini_array     0x00000000080046ac        0x4
                [!provide]                        PROVIDE (__fini_array_start = .)
 *(SORT_BY_NAME(.fini_array.*))
 *(.fini_array*)
 .fini_array    0x00000000080046ac        0x4 c:/st/stm32cubeide_1.12.0/stm32cubeide/plugins/com.st.stm32cube.ide.mcu.externaltools.gnu-tools-for-stm32.10.3-2021.10.win32_1.0.200.202301161003/tools/bin/../lib/gcc/arm-none-eabi/10.3.1/thumb/v7e-m+fp/hard/crtbegin.o
                [!provide]                        PROVIDE (__fini_array_end = .)
                0x00000000080046b0                _sidata = LOADADDR (.data)

.data           0x0000000020000000       0x24 load address 0x00000000080046b0
                0x0000000020000000                . = ALIGN (0x4)
                0x0000000020000000                _sdata = .
 *(.data)
 .data          0x0000000020000000       0x18 ./Core/Src/fonts.o
                0x0000000020000000                Font_16x26
                0x0000000020000008                Font_11x18
                0x0000000020000010                Font_7x10
 .data          0x0000000020000018        0x4 ./Core/Src/system_stm32f4xx.o
                0x0000000020000018                SystemCoreClock
 .data          0x000000002000001c        0x8 ./Drivers/STM32F4xx_HAL_Driver/Src/stm32f4xx_hal.o
                0x000000002000001c                uwTickFreq
                0x0000000020000020                uwTickPrio
 *(.data*)
                0x0000000020000024                . = ALIGN (0x4)
                0x0000000020000024                _edata = .
                0x00000000080046d4                _siccmram = LOADADDR (.ccmram)

.igot.plt       0x0000000020000024        0x0 load address 0x00000000080046d4
 .igot.plt      0x0000000020000024        0x0 c:/st/stm32cubeide_1.12.0/stm32cubeide/plugins/com.st.stm32cube.ide.mcu.externaltools.gnu-tools-for-stm32.10.3-2021.10.win32_1.0.200.202301161003/tools/bin/../lib/gcc/arm-none-eabi/10.3.1/thumb/v7e-m+fp/hard/crtbegin.o

.ccmram         0x0000000010000000        0x0 load address 0x00000000080046d4
                0x0000000010000000                . = ALIGN (0x4)
                0x0000000010000000                _sccmram = .
 *(.ccmram)
 *(.ccmram*)
                0x0000000010000000                . = ALIGN (0x4)
                0x0000000010000000                _eccmram = .
                0x0000000010000000                . = ALIGN (0x4)

.bss            0x0000000020000024      0x4bc
                0x0000000020000024                _sbss = .
                0x0000000020000024                __bss_start__ = _sbss
 *(.bss)
 .bss           0x0000000020000024       0x1c c:/st/stm32cubeide_1.12.0/stm32cubeide/plugins/com.st.stm32cube.ide.mcu.externaltools.gnu-tools-for-stm32.10.3-2021.10.win32_1.0.200.202301161003/tools/bin/../lib/gcc/arm-none-eabi/10.3.1/thumb/v7e-m+fp/hard/crtbegin.o
 .bss           0x0000000020000040       0x54 ./Core/Src/i2c.o
                0x0000000020000040                hi2c1
 .bss           0x0000000020000094      0x406 ./Core/Src/oled.o
 *fill*         0x000000002000049a        0x2 
 .bss           0x000000002000049c       0x40 ./Core/Src/usart.o
                0x000000002000049c                huart1
 .bss           0x00000000200004dc        0x4 ./Drivers/STM32F4xx_HAL_Driver/Src/stm32f4xx_hal.o
                0x00000000200004dc                uwTick
 *(.bss*)
 *(COMMON)
                0x00000000200004e0                . = ALIGN (0x4)
                0x00000000200004e0                _ebss = .
                0x00000000200004e0                __bss_end__ = _ebss

._user_heap_stack
                0x00000000200004e0      0x600
                0x00000000200004e0                . = ALIGN (0x8)
                [!provide]                        PROVIDE (end = .)
                [!provide]                        PROVIDE (_end = .)
                0x00000000200006e0                . = (. + _Min_Heap_Size)
 *fill*         0x00000000200004e0      0x200 
                0x0000000020000ae0                . = (. + _Min_Stack_Size)
 *fill*         0x00000000200006e0      0x400 
                0x0000000020000ae0                . = ALIGN (0x8)

/DISCARD/
 libc.a(*)
 libm.a(*)
 libgcc.a(*)

.ARM.attributes
                0x0000000000000000       0x30
 *(.ARM.attributes)
 .ARM.attributes
                0x0000000000000000       0x1e c:/st/stm32cubeide_1.12.0/stm32cubeide/plugins/com.st.stm32cube.ide.mcu.externaltools.gnu-tools-for-stm32.10.3-2021.10.win32_1.0.200.202301161003/tools/bin/../lib/gcc/arm-none-eabi/10.3.1/thumb/v7e-m+fp/hard/crti.o
 .ARM.attributes
                0x000000000000001e       0x34 c:/st/stm32cubeide_1.12.0/stm32cubeide/plugins/com.st.stm32cube.ide.mcu.externaltools.gnu-tools-for-stm32.10.3-2021.10.win32_1.0.200.202301161003/tools/bin/../lib/gcc/arm-none-eabi/10.3.1/thumb/v7e-m+fp/hard/crtbegin.o
 .ARM.attributes
                0x0000000000000052       0x34 ./Core/Src/fonts.o
 .ARM.attributes
                0x0000000000000086       0x34 ./Core/Src/gpio.o
 .ARM.attributes
                0x00000000000000ba       0x34 ./Core/Src/i2c.o
 .ARM.attributes
                0x00000000000000ee       0x34 ./Core/Src/main.o
 .ARM.attributes
                0x0000000000000122       0x34 ./Core/Src/oled.o
 .ARM.attributes
                0x0000000000000156       0x34 ./Core/Src/stm32f4xx_hal_msp.o
 .ARM.attributes
                0x000000000000018a       0x34 ./Core/Src/stm32f4xx_it.o
 .ARM.attributes
                0x00000000000001be       0x34 ./Core/Src/system_stm32f4xx.o
 .ARM.attributes
                0x00000000000001f2       0x34 ./Core/Src/usart.o
 .ARM.attributes
                0x0000000000000226       0x34 ./Drivers/STM32F4xx_HAL_Driver/Src/stm32f4xx_hal.o
 .ARM.attributes
                0x000000000000025a       0x34 ./Drivers/STM32F4xx_HAL_Driver/Src/stm32f4xx_hal_cortex.o
 .ARM.attributes
                0x000000000000028e       0x34 ./Drivers/STM32F4xx_HAL_Driver/Src/stm32f4xx_hal_gpio.o
 .ARM.attributes
                0x00000000000002c2       0x34 ./Drivers/STM32F4xx_HAL_Driver/Src/stm32f4xx_hal_i2c.o
 .ARM.attributes
                0x00000000000002f6       0x34 ./Drivers/STM32F4xx_HAL_Driver/Src/stm32f4xx_hal_rcc.o
 .ARM.attributes
                0x000000000000032a       0x34 ./Drivers/STM32F4xx_HAL_Driver/Src/stm32f4xx_hal_uart.o
 .ARM.attributes
                0x000000000000035e       0x21 ./startup/startup_stm32f407xx.o
 .ARM.attributes
                0x000000000000037f       0x34 c:/st/stm32cubeide_1.12.0/stm32cubeide/plugins/com.st.stm32cube.ide.mcu.externaltools.gnu-tools-for-stm32.10.3-2021.10.win32_1.0.200.202301161003/tools/bin/../lib/gcc/arm-none-eabi/10.3.1/../../../../arm-none-eabi/lib/thumb/v7e-m+fp/hard\libc_nano.a(lib_a-init.o)
 .ARM.attributes
                0x00000000000003b3       0x34 c:/st/stm32cubeide_1.12.0/stm32cubeide/plugins/com.st.stm32cube.ide.mcu.externaltools.gnu-tools-for-stm32.10.3-2021.10.win32_1.0.200.202301161003/tools/bin/../lib/gcc/arm-none-eabi/10.3.1/../../../../arm-none-eabi/lib/thumb/v7e-m+fp/hard\libc_nano.a(lib_a-memset.o)
 .ARM.attributes
                0x00000000000003e7       0x1e c:/st/stm32cubeide_1.12.0/stm32cubeide/plugins/com.st.stm32cube.ide.mcu.externaltools.gnu-tools-for-stm32.10.3-2021.10.win32_1.0.200.202301161003/tools/bin/../lib/gcc/arm-none-eabi/10.3.1/thumb/v7e-m+fp/hard\libgcc.a(_aeabi_uldivmod.o)
 .ARM.attributes
                0x0000000000000405       0x34 c:/st/stm32cubeide_1.12.0/stm32cubeide/plugins/com.st.stm32cube.ide.mcu.externaltools.gnu-tools-for-stm32.10.3-2021.10.win32_1.0.200.202301161003/tools/bin/../lib/gcc/arm-none-eabi/10.3.1/thumb/v7e-m+fp/hard\libgcc.a(_udivmoddi4.o)
 .ARM.attributes
                0x0000000000000439       0x1e c:/st/stm32cubeide_1.12.0/stm32cubeide/plugins/com.st.stm32cube.ide.mcu.externaltools.gnu-tools-for-stm32.10.3-2021.10.win32_1.0.200.202301161003/tools/bin/../lib/gcc/arm-none-eabi/10.3.1/thumb/v7e-m+fp/hard\libgcc.a(_dvmd_tls.o)
 .ARM.attributes
                0x0000000000000457       0x1e c:/st/stm32cubeide_1.12.0/stm32cubeide/plugins/com.st.stm32cube.ide.mcu.externaltools.gnu-tools-for-stm32.10.3-2021.10.win32_1.0.200.202301161003/tools/bin/../lib/gcc/arm-none-eabi/10.3.1/thumb/v7e-m+fp/hard/crtn.o
OUTPUT(SDK_OLED.elf elf32-littlearm)
LOAD linker stubs
LOAD c:/st/stm32cubeide_1.12.0/stm32cubeide/plugins/com.st.stm32cube.ide.mcu.externaltools.gnu-tools-for-stm32.10.3-2021.10.win32_1.0.200.202301161003/tools/bin/../lib/gcc/arm-none-eabi/10.3.1/../../../../arm-none-eabi/lib/thumb/v7e-m+fp/hard\libc.a
LOAD c:/st/stm32cubeide_1.12.0/stm32cubeide/plugins/com.st.stm32cube.ide.mcu.externaltools.gnu-tools-for-stm32.10.3-2021.10.win32_1.0.200.202301161003/tools/bin/../lib/gcc/arm-none-eabi/10.3.1/../../../../arm-none-eabi/lib/thumb/v7e-m+fp/hard\libm.a
LOAD c:/st/stm32cubeide_1.12.0/stm32cubeide/plugins/com.st.stm32cube.ide.mcu.externaltools.gnu-tools-for-stm32.10.3-2021.10.win32_1.0.200.202301161003/tools/bin/../lib/gcc/arm-none-eabi/10.3.1/thumb/v7e-m+fp/hard\libgcc.a

.debug_info     0x0000000000000000     0xb4fc
 .debug_info    0x0000000000000000      0x1bc ./Core/Src/fonts.o
 .debug_info    0x00000000000001bc      0x44d ./Core/Src/gpio.o
 .debug_info    0x0000000000000609      0xa77 ./Core/Src/i2c.o
 .debug_info    0x0000000000001080      0x799 ./Core/Src/main.o
 .debug_info    0x0000000000001819      0xfa4 ./Core/Src/oled.o
 .debug_info    0x00000000000027bd      0x2af ./Core/Src/stm32f4xx_hal_msp.o
 .debug_info    0x0000000000002a6c      0x136 ./Core/Src/stm32f4xx_it.o
 .debug_info    0x0000000000002ba2      0x543 ./Core/Src/system_stm32f4xx.o
 .debug_info    0x00000000000030e5      0x9dc ./Core/Src/usart.o
 .debug_info    0x0000000000003ac1      0x9e0 ./Drivers/STM32F4xx_HAL_Driver/Src/stm32f4xx_hal.o
 .debug_info    0x00000000000044a1     0x1097 ./Drivers/STM32F4xx_HAL_Driver/Src/stm32f4xx_hal_cortex.o
 .debug_info    0x0000000000005538      0x7a7 ./Drivers/STM32F4xx_HAL_Driver/Src/stm32f4xx_hal_gpio.o
 .debug_info    0x0000000000005cdf     0x33b2 ./Drivers/STM32F4xx_HAL_Driver/Src/stm32f4xx_hal_i2c.o
 .debug_info    0x0000000000009091      0xb15 ./Drivers/STM32F4xx_HAL_Driver/Src/stm32f4xx_hal_rcc.o
 .debug_info    0x0000000000009ba6     0x1934 ./Drivers/STM32F4xx_HAL_Driver/Src/stm32f4xx_hal_uart.o
 .debug_info    0x000000000000b4da       0x22 ./startup/startup_stm32f407xx.o

.debug_abbrev   0x0000000000000000     0x1ca3
 .debug_abbrev  0x0000000000000000       0xad ./Core/Src/fonts.o
 .debug_abbrev  0x00000000000000ad      0x138 ./Core/Src/gpio.o
 .debug_abbrev  0x00000000000001e5      0x209 ./Core/Src/i2c.o
 .debug_abbrev  0x00000000000003ee      0x23c ./Core/Src/main.o
 .debug_abbrev  0x000000000000062a      0x248 ./Core/Src/oled.o
 .debug_abbrev  0x0000000000000872       0xd4 ./Core/Src/stm32f4xx_hal_msp.o
 .debug_abbrev  0x0000000000000946       0x81 ./Core/Src/stm32f4xx_it.o
 .debug_abbrev  0x00000000000009c7      0x11c ./Core/Src/system_stm32f4xx.o
 .debug_abbrev  0x0000000000000ae3      0x209 ./Core/Src/usart.o
 .debug_abbrev  0x0000000000000cec      0x24f ./Drivers/STM32F4xx_HAL_Driver/Src/stm32f4xx_hal.o
 .debug_abbrev  0x0000000000000f3b      0x359 ./Drivers/STM32F4xx_HAL_Driver/Src/stm32f4xx_hal_cortex.o
 .debug_abbrev  0x0000000000001294      0x1f2 ./Drivers/STM32F4xx_HAL_Driver/Src/stm32f4xx_hal_gpio.o
 .debug_abbrev  0x0000000000001486      0x294 ./Drivers/STM32F4xx_HAL_Driver/Src/stm32f4xx_hal_i2c.o
 .debug_abbrev  0x000000000000171a      0x2c2 ./Drivers/STM32F4xx_HAL_Driver/Src/stm32f4xx_hal_rcc.o
 .debug_abbrev  0x00000000000019dc      0x2b5 ./Drivers/STM32F4xx_HAL_Driver/Src/stm32f4xx_hal_uart.o
 .debug_abbrev  0x0000000000001c91       0x12 ./startup/startup_stm32f407xx.o

.debug_aranges  0x0000000000000000      0x8b0
 .debug_aranges
                0x0000000000000000       0x18 ./Core/Src/fonts.o
 .debug_aranges
                0x0000000000000018       0x20 ./Core/Src/gpio.o
 .debug_aranges
                0x0000000000000038       0x30 ./Core/Src/i2c.o
 .debug_aranges
                0x0000000000000068       0x30 ./Core/Src/main.o
 .debug_aranges
                0x0000000000000098       0x78 ./Core/Src/oled.o
 .debug_aranges
                0x0000000000000110       0x20 ./Core/Src/stm32f4xx_hal_msp.o
 .debug_aranges
                0x0000000000000130       0x60 ./Core/Src/stm32f4xx_it.o
 .debug_aranges
                0x0000000000000190       0x28 ./Core/Src/system_stm32f4xx.o
 .debug_aranges
                0x00000000000001b8       0x30 ./Core/Src/usart.o
 .debug_aranges
                0x00000000000001e8       0xe0 ./Drivers/STM32F4xx_HAL_Driver/Src/stm32f4xx_hal.o
 .debug_aranges
                0x00000000000002c8       0xa8 ./Drivers/STM32F4xx_HAL_Driver/Src/stm32f4xx_hal_cortex.o
 .debug_aranges
                0x0000000000000370       0x58 ./Drivers/STM32F4xx_HAL_Driver/Src/stm32f4xx_hal_gpio.o
 .debug_aranges
                0x00000000000003c8      0x268 ./Drivers/STM32F4xx_HAL_Driver/Src/stm32f4xx_hal_i2c.o
 .debug_aranges
                0x0000000000000630       0x88 ./Drivers/STM32F4xx_HAL_Driver/Src/stm32f4xx_hal_rcc.o
 .debug_aranges
                0x00000000000006b8      0x1d0 ./Drivers/STM32F4xx_HAL_Driver/Src/stm32f4xx_hal_uart.o
 .debug_aranges
                0x0000000000000888       0x28 ./startup/startup_stm32f407xx.o

.debug_macro    0x0000000000000000    0x2161d
 .debug_macro   0x0000000000000000      0x32b ./Core/Src/fonts.o
 .debug_macro   0x000000000000032b      0xa7e ./Core/Src/fonts.o
 .debug_macro   0x0000000000000da9      0x186 ./Core/Src/fonts.o
 .debug_macro   0x0000000000000f2f       0x32 ./Core/Src/fonts.o
 .debug_macro   0x0000000000000f61       0x2f ./Core/Src/fonts.o
 .debug_macro   0x0000000000000f90       0x22 ./Core/Src/fonts.o
 .debug_macro   0x0000000000000fb2       0x8e ./Core/Src/fonts.o
 .debug_macro   0x0000000000001040       0x51 ./Core/Src/fonts.o
 .debug_macro   0x0000000000001091      0x103 ./Core/Src/fonts.o
 .debug_macro   0x0000000000001194       0x6a ./Core/Src/fonts.o
 .debug_macro   0x00000000000011fe      0x1df ./Core/Src/fonts.o
 .debug_macro   0x00000000000013dd       0x35 ./Core/Src/fonts.o
 .debug_macro   0x0000000000001412       0x50 ./Core/Src/fonts.o
 .debug_macro   0x0000000000001462      0xe66 ./Core/Src/fonts.o
 .debug_macro   0x00000000000022c8    0x15d08 ./Core/Src/fonts.o
 .debug_macro   0x0000000000017fd0       0x43 ./Core/Src/fonts.o
 .debug_macro   0x0000000000018013     0x3535 ./Core/Src/fonts.o
 .debug_macro   0x000000000001b548       0x52 ./Core/Src/fonts.o
 .debug_macro   0x000000000001b59a       0x1e ./Core/Src/fonts.o
 .debug_macro   0x000000000001b5b8       0x3c ./Core/Src/fonts.o
 .debug_macro   0x000000000001b5f4       0x34 ./Core/Src/fonts.o
 .debug_macro   0x000000000001b628       0x16 ./Core/Src/fonts.o
 .debug_macro   0x000000000001b63e       0x97 ./Core/Src/fonts.o
 .debug_macro   0x000000000001b6d5      0x341 ./Core/Src/fonts.o
 .debug_macro   0x000000000001ba16       0xfd ./Core/Src/fonts.o
 .debug_macro   0x000000000001bb13       0x10 ./Core/Src/fonts.o
 .debug_macro   0x000000000001bb23       0x16 ./Core/Src/fonts.o
 .debug_macro   0x000000000001bb39       0x43 ./Core/Src/fonts.o
 .debug_macro   0x000000000001bb7c       0x34 ./Core/Src/fonts.o
 .debug_macro   0x000000000001bbb0       0x10 ./Core/Src/fonts.o
 .debug_macro   0x000000000001bbc0       0x58 ./Core/Src/fonts.o
 .debug_macro   0x000000000001bc18       0x71 ./Core/Src/fonts.o
 .debug_macro   0x000000000001bc89       0x1c ./Core/Src/fonts.o
 .debug_macro   0x000000000001bca5      0x12a ./Core/Src/fonts.o
 .debug_macro   0x000000000001bdcf       0x10 ./Core/Src/fonts.o
 .debug_macro   0x000000000001bddf       0x1c ./Core/Src/fonts.o
 .debug_macro   0x000000000001bdfb       0x52 ./Core/Src/fonts.o
 .debug_macro   0x000000000001be4d       0x22 ./Core/Src/fonts.o
 .debug_macro   0x000000000001be6f       0x10 ./Core/Src/fonts.o
 .debug_macro   0x000000000001be7f       0x52 ./Core/Src/fonts.o
 .debug_macro   0x000000000001bed1       0xd5 ./Core/Src/fonts.o
 .debug_macro   0x000000000001bfa6       0x1c ./Core/Src/fonts.o
 .debug_macro   0x000000000001bfc2       0x3d ./Core/Src/fonts.o
 .debug_macro   0x000000000001bfff       0x16 ./Core/Src/fonts.o
 .debug_macro   0x000000000001c015      0x145 ./Core/Src/fonts.o
 .debug_macro   0x000000000001c15a       0x50 ./Core/Src/fonts.o
 .debug_macro   0x000000000001c1aa      0x96b ./Core/Src/fonts.o
 .debug_macro   0x000000000001cb15      0xa02 ./Core/Src/fonts.o
 .debug_macro   0x000000000001d517      0x11e ./Core/Src/fonts.o
 .debug_macro   0x000000000001d635      0x13e ./Core/Src/fonts.o
 .debug_macro   0x000000000001d773       0x27 ./Core/Src/fonts.o
 .debug_macro   0x000000000001d79a      0x287 ./Core/Src/fonts.o
 .debug_macro   0x000000000001da21       0x5f ./Core/Src/fonts.o
 .debug_macro   0x000000000001da80      0x23a ./Core/Src/fonts.o
 .debug_macro   0x000000000001dcba      0x133 ./Core/Src/fonts.o
 .debug_macro   0x000000000001dded      0x21e ./Core/Src/fonts.o
 .debug_macro   0x000000000001e00b       0x2e ./Core/Src/fonts.o
 .debug_macro   0x000000000001e039      0x1a7 ./Core/Src/fonts.o
 .debug_macro   0x000000000001e1e0       0xa5 ./Core/Src/fonts.o
 .debug_macro   0x000000000001e285      0x11e ./Core/Src/fonts.o
 .debug_macro   0x000000000001e3a3       0x7f ./Core/Src/fonts.o
 .debug_macro   0x000000000001e422       0x89 ./Core/Src/fonts.o
 .debug_macro   0x000000000001e4ab      0x287 ./Core/Src/fonts.o
 .debug_macro   0x000000000001e732      0x134 ./Core/Src/fonts.o
 .debug_macro   0x000000000001e866      0x335 ./Core/Src/gpio.o
 .debug_macro   0x000000000001eb9b      0x335 ./Core/Src/i2c.o
 .debug_macro   0x000000000001eed0      0x364 ./Core/Src/main.o
 .debug_macro   0x000000000001f234       0x22 ./Core/Src/main.o
 .debug_macro   0x000000000001f256      0x348 ./Core/Src/oled.o
 .debug_macro   0x000000000001f59e      0x32b ./Core/Src/stm32f4xx_hal_msp.o
 .debug_macro   0x000000000001f8c9      0x335 ./Core/Src/stm32f4xx_it.o
 .debug_macro   0x000000000001fbfe      0x327 ./Core/Src/system_stm32f4xx.o
 .debug_macro   0x000000000001ff25      0x335 ./Core/Src/usart.o
 .debug_macro   0x000000000002025a      0x381 ./Drivers/STM32F4xx_HAL_Driver/Src/stm32f4xx_hal.o
 .debug_macro   0x00000000000205db      0x321 ./Drivers/STM32F4xx_HAL_Driver/Src/stm32f4xx_hal_cortex.o
 .debug_macro   0x00000000000208fc      0x359 ./Drivers/STM32F4xx_HAL_Driver/Src/stm32f4xx_hal_gpio.o
 .debug_macro   0x0000000000020c55      0x361 ./Drivers/STM32F4xx_HAL_Driver/Src/stm32f4xx_hal_i2c.o
 .debug_macro   0x0000000000020fb6      0x345 ./Drivers/STM32F4xx_HAL_Driver/Src/stm32f4xx_hal_rcc.o
 .debug_macro   0x00000000000212fb      0x322 ./Drivers/STM32F4xx_HAL_Driver/Src/stm32f4xx_hal_uart.o

.debug_line     0x0000000000000000     0xfcd0
 .debug_line    0x0000000000000000      0x866 ./Core/Src/fonts.o
 .debug_line    0x0000000000000866      0x8b3 ./Core/Src/gpio.o
 .debug_line    0x0000000000001119      0x977 ./Core/Src/i2c.o
 .debug_line    0x0000000000001a90      0x9c4 ./Core/Src/main.o
 .debug_line    0x0000000000002454      0xc73 ./Core/Src/oled.o
 .debug_line    0x00000000000030c7      0x895 ./Core/Src/stm32f4xx_hal_msp.o
 .debug_line    0x000000000000395c      0x977 ./Core/Src/stm32f4xx_it.o
 .debug_line    0x00000000000042d3      0x97e ./Core/Src/system_stm32f4xx.o
 .debug_line    0x0000000000004c51      0x971 ./Core/Src/usart.o
 .debug_line    0x00000000000055c2      0xbc0 ./Drivers/STM32F4xx_HAL_Driver/Src/stm32f4xx_hal.o
 .debug_line    0x0000000000006182      0xdc5 ./Drivers/STM32F4xx_HAL_Driver/Src/stm32f4xx_hal_cortex.o
 .debug_line    0x0000000000006f47      0xd8e ./Drivers/STM32F4xx_HAL_Driver/Src/stm32f4xx_hal_gpio.o
 .debug_line    0x0000000000007cd5     0x4ca5 ./Drivers/STM32F4xx_HAL_Driver/Src/stm32f4xx_hal_i2c.o
 .debug_line    0x000000000000c97a     0x1132 ./Drivers/STM32F4xx_HAL_Driver/Src/stm32f4xx_hal_rcc.o
 .debug_line    0x000000000000daac     0x21a5 ./Drivers/STM32F4xx_HAL_Driver/Src/stm32f4xx_hal_uart.o
 .debug_line    0x000000000000fc51       0x7f ./startup/startup_stm32f407xx.o

.debug_str      0x0000000000000000    0xbeb8d
 .debug_str     0x0000000000000000    0xbbbad ./Core/Src/fonts.o
                                      0xbbe2d (size before relaxing)
 .debug_str     0x00000000000bbbad      0x1ad ./Core/Src/gpio.o
                                      0xbbf79 (size before relaxing)
 .debug_str     0x00000000000bbd5a      0x529 ./Core/Src/i2c.o
                                      0xbc4d2 (size before relaxing)
 .debug_str     0x00000000000bc283      0x263 ./Core/Src/main.o
                                      0xbc1ea (size before relaxing)
 .debug_str     0x00000000000bc4e6       0xf2 ./Core/Src/oled.o
                                      0xbc4b0 (size before relaxing)
 .debug_str     0x00000000000bc5d8       0x2c ./Core/Src/stm32f4xx_hal_msp.o
                                      0xbbeda (size before relaxing)
 .debug_str     0x00000000000bc604       0xc9 ./Core/Src/stm32f4xx_it.o
                                      0xbbe60 (size before relaxing)
 .debug_str     0x00000000000bc6cd       0xf0 ./Core/Src/system_stm32f4xx.o
                                      0xbbf9f (size before relaxing)
 .debug_str     0x00000000000bc7bd      0x1e5 ./Core/Src/usart.o
                                      0xbc3fe (size before relaxing)
 .debug_str     0x00000000000bc9a2      0xad4 ./Drivers/STM32F4xx_HAL_Driver/Src/stm32f4xx_hal.o
                                      0xbcae5 (size before relaxing)
 .debug_str     0x00000000000bd476      0x35a ./Drivers/STM32F4xx_HAL_Driver/Src/stm32f4xx_hal_cortex.o
                                      0xbc831 (size before relaxing)
 .debug_str     0x00000000000bd7d0      0x20a ./Drivers/STM32F4xx_HAL_Driver/Src/stm32f4xx_hal_gpio.o
                                      0xbc1b2 (size before relaxing)
 .debug_str     0x00000000000bd9da      0xa6f ./Drivers/STM32F4xx_HAL_Driver/Src/stm32f4xx_hal_i2c.o
                                      0xbcdc8 (size before relaxing)
 .debug_str     0x00000000000be449      0x207 ./Drivers/STM32F4xx_HAL_Driver/Src/stm32f4xx_hal_rcc.o
                                      0xbc3b9 (size before relaxing)
 .debug_str     0x00000000000be650      0x50e ./Drivers/STM32F4xx_HAL_Driver/Src/stm32f4xx_hal_uart.o
                                      0xbc7f7 (size before relaxing)
 .debug_str     0x00000000000beb5e       0x2f ./startup/startup_stm32f407xx.o
                                         0x72 (size before relaxing)

.comment        0x0000000000000000       0x50
 .comment       0x0000000000000000       0x50 ./Core/Src/fonts.o
                                         0x51 (size before relaxing)
 .comment       0x0000000000000050       0x51 ./Core/Src/gpio.o
 .comment       0x0000000000000050       0x51 ./Core/Src/i2c.o
 .comment       0x0000000000000050       0x51 ./Core/Src/main.o
 .comment       0x0000000000000050       0x51 ./Core/Src/oled.o
 .comment       0x0000000000000050       0x51 ./Core/Src/stm32f4xx_hal_msp.o
 .comment       0x0000000000000050       0x51 ./Core/Src/stm32f4xx_it.o
 .comment       0x0000000000000050       0x51 ./Core/Src/system_stm32f4xx.o
 .comment       0x0000000000000050       0x51 ./Core/Src/usart.o
 .comment       0x0000000000000050       0x51 ./Drivers/STM32F4xx_HAL_Driver/Src/stm32f4xx_hal.o
 .comment       0x0000000000000050       0x51 ./Drivers/STM32F4xx_HAL_Driver/Src/stm32f4xx_hal_cortex.o
 .comment       0x0000000000000050       0x51 ./Drivers/STM32F4xx_HAL_Driver/Src/stm32f4xx_hal_gpio.o
 .comment       0x0000000000000050       0x51 ./Drivers/STM32F4xx_HAL_Driver/Src/stm32f4xx_hal_i2c.o
 .comment       0x0000000000000050       0x51 ./Drivers/STM32F4xx_HAL_Driver/Src/stm32f4xx_hal_rcc.o
 .comment       0x0000000000000050       0x51 ./Drivers/STM32F4xx_HAL_Driver/Src/stm32f4xx_hal_uart.o

.debug_ranges   0x0000000000000000      0x840
 .debug_ranges  0x0000000000000000       0x10 ./Core/Src/gpio.o
 .debug_ranges  0x0000000000000010       0x20 ./Core/Src/i2c.o
 .debug_ranges  0x0000000000000030       0x20 ./Core/Src/main.o
 .debug_ranges  0x0000000000000050       0x80 ./Core/Src/oled.o
 .debug_ranges  0x00000000000000d0       0x10 ./Core/Src/stm32f4xx_hal_msp.o
 .debug_ranges  0x00000000000000e0       0x50 ./Core/Src/stm32f4xx_it.o
 .debug_ranges  0x0000000000000130       0x18 ./Core/Src/system_stm32f4xx.o
 .debug_ranges  0x0000000000000148       0x20 ./Core/Src/usart.o
 .debug_ranges  0x0000000000000168       0xd0 ./Drivers/STM32F4xx_HAL_Driver/Src/stm32f4xx_hal.o
 .debug_ranges  0x0000000000000238       0xf8 ./Drivers/STM32F4xx_HAL_Driver/Src/stm32f4xx_hal_cortex.o
 .debug_ranges  0x0000000000000330       0x48 ./Drivers/STM32F4xx_HAL_Driver/Src/stm32f4xx_hal_gpio.o
 .debug_ranges  0x0000000000000378      0x258 ./Drivers/STM32F4xx_HAL_Driver/Src/stm32f4xx_hal_i2c.o
 .debug_ranges  0x00000000000005d0       0x90 ./Drivers/STM32F4xx_HAL_Driver/Src/stm32f4xx_hal_rcc.o
 .debug_ranges  0x0000000000000660      0x1c0 ./Drivers/STM32F4xx_HAL_Driver/Src/stm32f4xx_hal_uart.o
 .debug_ranges  0x0000000000000820       0x20 ./startup/startup_stm32f407xx.o

.debug_frame    0x0000000000000000     0x1728
 .debug_frame   0x0000000000000000       0x2c ./Core/Src/gpio.o
 .debug_frame   0x000000000000002c       0x64 ./Core/Src/i2c.o
 .debug_frame   0x0000000000000090       0x58 ./Core/Src/main.o
 .debug_frame   0x00000000000000e8      0x168 ./Core/Src/oled.o
 .debug_frame   0x0000000000000250       0x28 ./Core/Src/stm32f4xx_hal_msp.o
 .debug_frame   0x0000000000000278       0xa8 ./Core/Src/stm32f4xx_it.o
 .debug_frame   0x0000000000000320       0x30 ./Core/Src/system_stm32f4xx.o
 .debug_frame   0x0000000000000350       0x60 ./Core/Src/usart.o
 .debug_frame   0x00000000000003b0      0x1cc ./Drivers/STM32F4xx_HAL_Driver/Src/stm32f4xx_hal.o
 .debug_frame   0x000000000000057c      0x148 ./Drivers/STM32F4xx_HAL_Driver/Src/stm32f4xx_hal_cortex.o
 .debug_frame   0x00000000000006c4       0xd8 ./Drivers/STM32F4xx_HAL_Driver/Src/stm32f4xx_hal_gpio.o
 .debug_frame   0x000000000000079c      0x880 ./Drivers/STM32F4xx_HAL_Driver/Src/stm32f4xx_hal_i2c.o
 .debug_frame   0x000000000000101c      0x16c ./Drivers/STM32F4xx_HAL_Driver/Src/stm32f4xx_hal_rcc.o
 .debug_frame   0x0000000000001188      0x4f4 ./Drivers/STM32F4xx_HAL_Driver/Src/stm32f4xx_hal_uart.o
 .debug_frame   0x000000000000167c       0x2c c:/st/stm32cubeide_1.12.0/stm32cubeide/plugins/com.st.stm32cube.ide.mcu.externaltools.gnu-tools-for-stm32.10.3-2021.10.win32_1.0.200.202301161003/tools/bin/../lib/gcc/arm-none-eabi/10.3.1/../../../../arm-none-eabi/lib/thumb/v7e-m+fp/hard\libc_nano.a(lib_a-init.o)
 .debug_frame   0x00000000000016a8       0x20 c:/st/stm32cubeide_1.12.0/stm32cubeide/plugins/com.st.stm32cube.ide.mcu.externaltools.gnu-tools-for-stm32.10.3-2021.10.win32_1.0.200.202301161003/tools/bin/../lib/gcc/arm-none-eabi/10.3.1/../../../../arm-none-eabi/lib/thumb/v7e-m+fp/hard\libc_nano.a(lib_a-memset.o)
 .debug_frame   0x00000000000016c8       0x2c c:/st/stm32cubeide_1.12.0/stm32cubeide/plugins/com.st.stm32cube.ide.mcu.externaltools.gnu-tools-for-stm32.10.3-2021.10.win32_1.0.200.202301161003/tools/bin/../lib/gcc/arm-none-eabi/10.3.1/thumb/v7e-m+fp/hard\libgcc.a(_aeabi_uldivmod.o)
 .debug_frame   0x00000000000016f4       0x34 c:/st/stm32cubeide_1.12.0/stm32cubeide/plugins/com.st.stm32cube.ide.mcu.externaltools.gnu-tools-for-stm32.10.3-2021.10.win32_1.0.200.202301161003/tools/bin/../lib/gcc/arm-none-eabi/10.3.1/thumb/v7e-m+fp/hard\libgcc.a(_udivmoddi4.o)

.debug_loc      0x0000000000000000     0x6a76
 .debug_loc     0x0000000000000000       0x84 ./Core/Src/i2c.o
 .debug_loc     0x0000000000000084      0x4ee ./Core/Src/oled.o
 .debug_loc     0x0000000000000572      0x158 ./Core/Src/system_stm32f4xx.o
 .debug_loc     0x00000000000006ca       0x84 ./Core/Src/usart.o
 .debug_loc     0x000000000000074e      0x12c ./Drivers/STM32F4xx_HAL_Driver/Src/stm32f4xx_hal.o
 .debug_loc     0x000000000000087a      0x744 ./Drivers/STM32F4xx_HAL_Driver/Src/stm32f4xx_hal_cortex.o
 .debug_loc     0x0000000000000fbe      0x545 ./Drivers/STM32F4xx_HAL_Driver/Src/stm32f4xx_hal_gpio.o
 .debug_loc     0x0000000000001503     0x3756 ./Drivers/STM32F4xx_HAL_Driver/Src/stm32f4xx_hal_i2c.o
 .debug_loc     0x0000000000004c59      0x55d ./Drivers/STM32F4xx_HAL_Driver/Src/stm32f4xx_hal_rcc.o
 .debug_loc     0x00000000000051b6     0x18c0 ./Drivers/STM32F4xx_HAL_Driver/Src/stm32f4xx_hal_uart.o
